>>> MyList = __import__('1-my_list').MyList

>>> ml = MyList([3, 1, 4, 1, 5])
>>> ml.print_sorted()
[1, 1, 3, 4, 5]

# La liste d'origine n'est pas modifiée
>>> ml
[3, 1, 4, 1, 5]

# Une liste vide fonctionne
>>> ml_empty = MyList()
>>> ml_empty.print_sorted()
[]

# Création d'une liste invalide (avec un str déclenche une exception)
>>> MyList([1, 'deux', 3])
Traceback (most recent call last):
...
TypeError: Elements must be integers
